Flow report for agilex_heavy_core
Fri Jun 12 03:54:10 2026
Quartus Prime Version 26.1.0 Build 110 03/26/2026 SC Pro Edition


---------------------
; Table of Contents ;
---------------------
  1. Flow Summary
  2. Flow Settings
  3. Flow Non-Default Global Settings
  4. Flow Elapsed Time
  5. Flow OS Summary
  6. Flow Log
  7. Legal Notice



+------------------------------------------------------------------------------+
; Flow Summary                                                                 ;
+---------------------------------+--------------------------------------------+
; Flow Status                     ; Successful - Fri Jun 12 03:54:10 2026      ;
; Quartus Prime Version           ; 26.1.0 Build 110 03/26/2026 SC Pro Edition ;
; Revision Name                   ; agilex_heavy_core                          ;
; Top-level Entity Name           ; agilex_heavy_core                          ;
; Family                          ; Agilex 7                                   ;
; Device                          ; AGFB014R24B2E2V                            ;
; Timing Models                   ; Final                                      ;
; Power Models                    ; Final                                      ;
; Device Status                   ; Final                                      ;
; Logic utilization (in ALMs)     ; 10,464 / 487,200 ( 2 % )                   ;
; Total dedicated logic registers ; 18470                                      ;
; Total pins                      ; 3 / 924 ( < 1 % )                          ;
; Total block memory bits         ; 0 / 145,612,800 ( 0 % )                    ;
; Total RAM Blocks                ; 0 / 7,110 ( 0 % )                          ;
; Total DSP Blocks                ; 256 / 4,510 ( 6 % )                        ;
; Total eSRAMs                    ; 0 / 2 ( 0 % )                              ;
; Total HSSI P-Tiles              ; 0 / 1 ( 0 % )                              ;
; Total HSSI E-Tile Channels      ; 0 / 24 ( 0 % )                             ;
; Total HSSI HPS                  ; 0 / 1 ( 0 % )                              ;
; Total HSSI EHIPs                ; 0 / 4 ( 0 % )                              ;
; Total PLLs                      ; 0 / 24 ( 0 % )                             ;
+---------------------------------+--------------------------------------------+


+-----------------------------------------+
; Flow Settings                           ;
+-------------------+---------------------+
; Option            ; Setting             ;
+-------------------+---------------------+
; Start date & time ; 06/12/2026 03:41:19 ;
; Main task         ; Compilation         ;
; Revision Name     ; agilex_heavy_core   ;
+-------------------+---------------------+


+------------------------------------------------------------------------------------------------------------+
; Flow Non-Default Global Settings                                                                           ;
+--------------------------+----------------------------------+---------------+-------------+----------------+
; Assignment Name          ; Value                            ; Default Value ; Entity Name ; Section Id     ;
+--------------------------+----------------------------------+---------------+-------------+----------------+
; COMPILER_SIGNATURE_ID    ; 335549710675.178125727913204     ; --            ; --          ; --             ;
; EDA_OUTPUT_DATA_FORMAT   ; Verilog Hdl                      ; --            ; --          ; eda_simulation ;
; EDA_TIME_SCALE           ; 1 ps                             ; --            ; --          ; eda_simulation ;
; PROJECT_OUTPUT_DIRECTORY ; C:/Agilex/Codes/004/output_files ; --            ; --          ; --             ;
+--------------------------+----------------------------------+---------------+-------------+----------------+


+------------------------------------------------------+
; Flow Elapsed Time                                    ;
+-----------------+--------------+---------------------+
; Module Name     ; Elapsed Time ; Peak Virtual Memory ;
+-----------------+--------------+---------------------+
; Synthesis       ; 00:00:55     ; 1088 MB             ;
; Fitter          ; 00:11:02     ; 10040 MB            ;
; Timing Analyzer ; 00:00:14     ; 2349 MB             ;
; Assembler       ; 00:00:33     ; 3491 MB             ;
; Total           ; 00:12:44     ; --                  ;
+-----------------+--------------+---------------------+


+-------------------------------------------------------------------------------+
; Flow OS Summary                                                               ;
+-----------------+------------------+------------+------------+----------------+
; Module Name     ; Machine Hostname ; OS Name    ; OS Version ; Processor type ;
+-----------------+------------------+------------+------------+----------------+
; Synthesis       ; LaptopPedro      ; Windows 11 ; 10.0.26200 ; x86_64         ;
; Fitter          ; LaptopPedro      ; Windows 11 ; 10.0.26200 ; x86_64         ;
; Timing Analyzer ; LaptopPedro      ; Windows 11 ; 10.0.26200 ; x86_64         ;
; Assembler       ; LaptopPedro      ; Windows 11 ; 10.0.26200 ; x86_64         ;
+-----------------+------------------+------------+------------+----------------+


------------
; Flow Log ;
------------
quartus_syn --read_settings_files=on --write_settings_files=off agilex_heavy_core -c agilex_heavy_core
quartus_fit --read_settings_files=on --write_settings_files=off agilex_heavy_core -c agilex_heavy_core
quartus_sta agilex_heavy_core -c agilex_heavy_core --mode=finalize
quartus_asm --read_settings_files=on --write_settings_files=off agilex_heavy_core -c agilex_heavy_core



----------------
; Legal Notice ;
----------------
Copyright (C) 2026  Altera Corporation. All rights reserved.
Your use of Altera Corporation's design tools, logic functions 
and other software and tools, and any partner logic 
functions, and any output files from any of the foregoing 
(including device programming or simulation files), and any 
associated documentation or information are expressly subject 
to the terms and conditions of the Altera Program License 
Subscription Agreement, the Altera Quartus Prime License Agreement,
the Altera IP License Agreement, or other applicable license
agreement, including, without limitation, that your use is for
the sole purpose of programming logic devices manufactured by
Altera and sold by Altera or its authorized distributors.  Please
refer to the Altera Software License Subscription Agreements 
on the Quartus Prime software download page.



